// Vitest Snapshot v1, https://vitest.dev/guide/snapshot.html

exports[`pt / pt-PT plural keys read correctly at count 0 > review artifact: every plural key at 0 / 1 / 2 in both variants 1`] = `
{
  "pt activity:phrases.importedAppointment": [
    "Consultas importadas do calendário: 0",
    "Consultas importadas do calendário: 1",
    "2 consultas importadas do calendário",
  ],
  "pt calendar:addEvent.alerts.someDoseTimesFailed": [
    "Salvo, mas horários de dose não adicionados: 0 (08:00). Abra o medicamento e adicione novamente.",
    "Salvo, mas horários de dose não adicionados: 1 (08:00). Abra o medicamento e adicione novamente.",
    "Salvo, mas 2 horários de dose não puderam ser adicionados (08:00). Abra o medicamento e adicione-os novamente.",
  ],
  "pt calendar:addEvent.drugSearch.resultCount": [
    "Sugestões: 0",
    "Sugestões: 1",
    "2 sugestões",
  ],
  "pt calendar:allDayMoreLabel": [
    "Mais eventos de dia inteiro em seg.: 0",
    "Mais eventos de dia inteiro em seg.: 1",
    "Mais 2 eventos de dia inteiro em seg.",
  ],
  "pt calendar:eventCount": [
    "Eventos: 0",
    "Eventos: 1",
    "2 eventos",
  ],
  "pt calendar:notes.noteCount": [
    "Notas: 0",
    "Notas: 1",
    "2 notas",
  ],
  "pt calendar:recurrence.everyNDays": [
    "Todos os dias",
    "Todos os dias",
    "A cada 2 dias",
  ],
  "pt dailyUpdate:appointments.thatDay": [
    "0 consulta nesse dia",
    "1 consulta nesse dia",
    "2 consultas nesse dia",
  ],
  "pt dailyUpdate:appointments.today": [
    "0 consulta hoje",
    "1 consulta hoje",
    "2 consultas hoje",
  ],
  "pt dailyUpdate:asNeeded.given": [
    "0 dose se necessário dada",
    "1 dose se necessário dada",
    "2 doses se necessário dadas",
  ],
  "pt dailyUpdate:doses.notMarked": [
    "0 dose ainda não marcada",
    "1 dose ainda não marcada",
    "2 doses ainda não marcadas",
  ],
  "pt dailyUpdate:doses.notMarkedPast": [
    "0 dose não marcada",
    "1 dose não marcada",
    "2 doses não marcadas",
  ],
  "pt dailyUpdate:doses.skipped": [
    "0 dose pulada",
    "1 dose pulada",
    "2 doses puladas",
  ],
  "pt dailyUpdate:doses.taken": [
    "0 dose tomada",
    "1 dose tomada",
    "2 doses tomadas",
  ],
  "pt dailyUpdate:doses.takenLate": [
    "0 dose tomada com atraso",
    "1 dose tomada com atraso",
    "2 doses tomadas com atraso",
  ],
  "pt dailyUpdate:names.many": [
    "{{a}}, {{b}} e mais 0",
    "{{a}}, {{b}} e mais 1",
    "{{a}}, {{b}} e mais 2",
  ],
  "pt dailyUpdate:notes.added": [
    "0 nota de Ana",
    "1 nota de Ana",
    "2 notas de Ana",
  ],
  "pt dailyUpdate:tasks.done": [
    "0 tarefa concluída",
    "1 tarefa concluída",
    "2 tarefas concluídas",
  ],
  "pt documents:count": [
    "Documentos: 0",
    "Documentos: 1",
    "2 documentos",
  ],
  "pt freemium:circleSelection.memberCount": [
    "Membros: 0",
    "Membros: 1",
    "2 membros",
  ],
  "pt meds:asNeeded.recent.minutesAgo": [
    "há 0 min",
    "há 1 min",
    "há 2 minutos",
  ],
  "pt meds:export.asNeededGiven": [
    "Doses administradas (Ana): 0",
    "Doses administradas (Ana): 1",
    "Ana: 2 doses administradas",
  ],
  "pt meds:page.stock.daysLeft": [
    "Dias restantes: 0",
    "Dias restantes: 1",
    "2 dias restantes",
  ],
  "pt members:manage.inviteExpiresIn": [
    "Dias para expirar: 0",
    "Dias para expirar: 1",
    "Expira em 2 dias",
  ],
  "pt members:manage.inviteExpiresInLabel": [
    "Convite para a@b.c, dias para expirar: 0",
    "Convite para a@b.c, dias para expirar: 1",
    "O convite para a@b.c expira em 2 dias",
  ],
  "pt members:pending.banner.count": [
    "Você tem 1 convite pendente",
    "Você tem 1 convite pendente",
    "Há 2 convites pendentes",
  ],
  "pt members:picker.careCircleCount": [
    "Círculos de cuidado: 0",
    "Círculos de cuidado: 1",
    "2 círculos de cuidado",
  ],
  "pt members:picker.caringWith": [
    "Pessoas cuidando juntas: 0",
    "Pessoas cuidando juntas: 1",
    "Cuidando junto com 2 pessoas",
  ],
  "pt members:picker.memberCount": [
    "Membros: 0",
    "Membros: 1",
    "2 membros",
  ],
  "pt members:picker.personHelping": [
    "Pessoas ajudando a coordenar o cuidado: 0",
    "Pessoas ajudando a coordenar o cuidado: 1",
    "2 pessoas ajudando a coordenar o cuidado",
  ],
  "pt notes:moodStrip.count_good": [
    "Bom: 0",
    "Bom: 1",
    "Bom: 2",
  ],
  "pt notes:moodStrip.count_great": [
    "Ótimo: 0",
    "Ótimo: 1",
    "Ótimo: 2",
  ],
  "pt notes:moodStrip.count_okay": [
    "Regular: 0",
    "Regular: 1",
    "Regular: 2",
  ],
  "pt notes:moodStrip.count_tough": [
    "Difícil: 0",
    "Difícil: 1",
    "Difícil: 2",
  ],
  "pt overview:hero.andMore": [
    "Mais 0",
    "Mais 1",
    "+2 mais",
  ],
  "pt overview:quickAccess.tasksNote": [
    "Em aberto: 0",
    "Em aberto: 1",
    "2 em aberto",
  ],
  "pt overview:team.count": [
    "Membros: 0",
    "Membros: 1",
    "2 membros",
  ],
  "pt profile:timezoneImpact.impactMessage": [
    "Os horários das doses de Ana seguem o seu fuso horário porque a pessoa não tem conta própria. Alterar para Lisboa move esses lembretes para o mesmo horário em Lisboa.",
    "Os horários das doses de Ana seguem o seu fuso horário porque a pessoa não tem conta própria. Alterar para Lisboa move esses lembretes para o mesmo horário em Lisboa.",
    "Os horários das doses de Ana seguem o seu fuso horário porque essas pessoas não têm conta própria. Alterar para Lisboa move esses lembretes para o mesmo horário em Lisboa.",
  ],
  "pt upgrade:trialPeriod.day": [
    "0 dia",
    "1 dia",
    "2 dias",
  ],
  "pt upgrade:trialPeriod.month": [
    "0 mês",
    "1 mês",
    "2 meses",
  ],
  "pt upgrade:trialPeriod.week": [
    "0 semana",
    "1 semana",
    "2 semanas",
  ],
  "pt upgrade:trialPeriod.year": [
    "0 ano",
    "1 ano",
    "2 anos",
  ],
  "pt-PT activity:phrases.importedAppointment": [
    "Consultas importadas do calendário: 0",
    "Consultas importadas do calendário: 1",
    "2 consultas importadas do calendário",
  ],
  "pt-PT calendar:addEvent.alerts.someDoseTimesFailed": [
    "Guardado, mas 0 horários de dose não puderam ser adicionados (08:00). Abra o medicamento e adicione-os novamente.",
    "Guardado, mas horários de dose não adicionados: 1 (08:00). Abra o medicamento e adicione novamente.",
    "Guardado, mas 2 horários de dose não puderam ser adicionados (08:00). Abra o medicamento e adicione-os novamente.",
  ],
  "pt-PT calendar:addEvent.drugSearch.resultCount": [
    "Sugestões: 0",
    "Sugestões: 1",
    "2 sugestões",
  ],
  "pt-PT calendar:allDayMoreLabel": [
    "Mais eventos de dia inteiro em seg.: 0",
    "Mais eventos de dia inteiro em seg.: 1",
    "Mais 2 eventos de dia inteiro em seg.",
  ],
  "pt-PT calendar:eventCount": [
    "Eventos: 0",
    "Eventos: 1",
    "2 eventos",
  ],
  "pt-PT calendar:notes.noteCount": [
    "Notas: 0",
    "Notas: 1",
    "2 notas",
  ],
  "pt-PT calendar:recurrence.everyNDays": [
    "Todos os dias",
    "Todos os dias",
    "A cada 2 dias",
  ],
  "pt-PT dailyUpdate:appointments.thatDay": [
    "0 consulta nesse dia",
    "1 consulta nesse dia",
    "2 consultas nesse dia",
  ],
  "pt-PT dailyUpdate:appointments.today": [
    "0 consulta hoje",
    "1 consulta hoje",
    "2 consultas hoje",
  ],
  "pt-PT dailyUpdate:asNeeded.given": [
    "0 dose se necessário dada",
    "1 dose se necessário dada",
    "2 doses se necessário dadas",
  ],
  "pt-PT dailyUpdate:doses.notMarked": [
    "0 dose ainda não marcada",
    "1 dose ainda não marcada",
    "2 doses ainda não marcadas",
  ],
  "pt-PT dailyUpdate:doses.notMarkedPast": [
    "0 dose não marcada",
    "1 dose não marcada",
    "2 doses não marcadas",
  ],
  "pt-PT dailyUpdate:doses.skipped": [
    "0 doses saltadas",
    "1 dose saltada",
    "2 doses saltadas",
  ],
  "pt-PT dailyUpdate:doses.taken": [
    "0 dose tomada",
    "1 dose tomada",
    "2 doses tomadas",
  ],
  "pt-PT dailyUpdate:doses.takenLate": [
    "0 dose tomada com atraso",
    "1 dose tomada com atraso",
    "2 doses tomadas com atraso",
  ],
  "pt-PT dailyUpdate:names.many": [
    "{{a}}, {{b}} e mais 0",
    "{{a}}, {{b}} e mais 1",
    "{{a}}, {{b}} e mais 2",
  ],
  "pt-PT dailyUpdate:notes.added": [
    "0 nota de Ana",
    "1 nota de Ana",
    "2 notas de Ana",
  ],
  "pt-PT dailyUpdate:tasks.done": [
    "0 tarefa concluída",
    "1 tarefa concluída",
    "2 tarefas concluídas",
  ],
  "pt-PT documents:count": [
    "Documentos: 0",
    "Documentos: 1",
    "2 documentos",
  ],
  "pt-PT freemium:circleSelection.memberCount": [
    "Membros: 0",
    "Membros: 1",
    "2 membros",
  ],
  "pt-PT meds:asNeeded.recent.minutesAgo": [
    "há 0 min",
    "há 1 min",
    "há 2 minutos",
  ],
  "pt-PT meds:export.asNeededGiven": [
    "Doses administradas (Ana): 0",
    "Doses administradas (Ana): 1",
    "Ana: 2 doses administradas",
  ],
  "pt-PT meds:page.stock.daysLeft": [
    "Dias restantes: 0",
    "Dias restantes: 1",
    "2 dias restantes",
  ],
  "pt-PT members:manage.inviteExpiresIn": [
    "Dias para expirar: 0",
    "Dias para expirar: 1",
    "Expira em 2 dias",
  ],
  "pt-PT members:manage.inviteExpiresInLabel": [
    "Convite para a@b.c, dias para expirar: 0",
    "Convite para a@b.c, dias para expirar: 1",
    "O convite para a@b.c expira em 2 dias",
  ],
  "pt-PT members:pending.banner.count": [
    "Você tem 1 convite pendente",
    "Tem 1 convite pendente",
    "Há 2 convites pendentes",
  ],
  "pt-PT members:picker.careCircleCount": [
    "Círculos de cuidado: 0",
    "Círculos de cuidado: 1",
    "2 círculos de cuidado",
  ],
  "pt-PT members:picker.caringWith": [
    "A cuidar em conjunto com 0 pessoas",
    "Pessoas a cuidar em conjunto: 1",
    "A cuidar em conjunto com 2 pessoas",
  ],
  "pt-PT members:picker.memberCount": [
    "Membros: 0",
    "Membros: 1",
    "2 membros",
  ],
  "pt-PT members:picker.personHelping": [
    "0 pessoas a ajudar a coordenar o cuidado",
    "Pessoas a ajudar a coordenar o cuidado: 1",
    "2 pessoas a ajudar a coordenar o cuidado",
  ],
  "pt-PT notes:moodStrip.count_good": [
    "Bom: 0",
    "Bom: 1",
    "Bom: 2",
  ],
  "pt-PT notes:moodStrip.count_great": [
    "Ótimo: 0",
    "Ótimo: 1",
    "Ótimo: 2",
  ],
  "pt-PT notes:moodStrip.count_okay": [
    "Regular: 0",
    "Regular: 1",
    "Regular: 2",
  ],
  "pt-PT notes:moodStrip.count_tough": [
    "Difícil: 0",
    "Difícil: 1",
    "Difícil: 2",
  ],
  "pt-PT overview:hero.andMore": [
    "Mais 0",
    "Mais 1",
    "+2 mais",
  ],
  "pt-PT overview:quickAccess.tasksNote": [
    "Em aberto: 0",
    "Em aberto: 1",
    "2 em aberto",
  ],
  "pt-PT overview:team.count": [
    "Membros: 0",
    "Membros: 1",
    "2 membros",
  ],
  "pt-PT profile:timezoneImpact.impactMessage": [
    "Os horários das doses de Ana seguem o seu fuso horário porque a pessoa não tem conta própria. Alterar para Lisboa move esses lembretes para o mesmo horário em Lisboa.",
    "Os horários das doses de Ana seguem o seu fuso horário porque a pessoa não tem conta própria. Alterar para Lisboa move esses lembretes para o mesmo horário em Lisboa.",
    "Os horários das doses de Ana seguem o seu fuso horário porque essas pessoas não têm conta própria. Alterar para Lisboa move esses lembretes para o mesmo horário em Lisboa.",
  ],
  "pt-PT upgrade:trialPeriod.day": [
    "0 dia",
    "1 dia",
    "2 dias",
  ],
  "pt-PT upgrade:trialPeriod.month": [
    "0 mês",
    "1 mês",
    "2 meses",
  ],
  "pt-PT upgrade:trialPeriod.week": [
    "0 semana",
    "1 semana",
    "2 semanas",
  ],
  "pt-PT upgrade:trialPeriod.year": [
    "0 ano",
    "1 ano",
    "2 anos",
  ],
}
`;
