// Vitest Snapshot v1, https://vitest.dev/guide/snapshot.html

exports[`activity word order (pt) > KEY_RENDERERS 12h 1`] = `
{
  "appt occurrence removed": "Consulta removida: Cardiology (10 de jun.)",
  "care note added": "Adicionou uma nota diária de cuidado",
  "event note added": "Adicionou uma nota a Dr. Lee visit",
  "fallback blank name": "STORED ENGLISH FALLBACK",
  "fallback empty params": "STORED ENGLISH FALLBACK",
  "fallback null params": "STORED ENGLISH FALLBACK",
  "fallback numeric time": "STORED ENGLISH FALLBACK",
  "fallback prototype key": "STORED ENGLISH FALLBACK",
  "fallback unknown key": "STORED ENGLISH FALLBACK",
  "invited care recipient": "Convidou alicia.smith@example.org para participar como pessoa cuidada",
  "invited caregiver": "Convidou alicia.smith@example.org para participar como cuidador",
  "joined care recipient": "Alicia Smith entrou no círculo como pessoa cuidada",
  "joined care recipient unknown": "Alguém entrou no círculo como pessoa cuidada",
  "joined caregiver": "Alicia Smith entrou no círculo como cuidador",
  "joined caregiver unknown": "Alguém entrou no círculo como cuidador",
  "med occurrence removed": "Dose removida: Aspirin (10 de jun.)",
  "not taken Jan 15": "Dose pulada: Aspirin (15 de jan.)",
  "not taken non-ISO date raw": "Dose pulada: Aspirin (June 10)",
  "not taken old": "Dose pulada: Aspirin (10 de jun.)",
  "not taken today": "Dose pulada: Aspirin (hoje)",
  "not taken yesterday": "Dose pulada: Aspirin (ontem)",
  "prn logged": "Registrou uma dose: Tylenol às 2:30 PM",
  "prn removed": "Removeu uma dose registrada: Tylenol (2:30 PM)",
  "recurrence stopped": "Interrompeu a repetição de Aspirin (a partir de: 10 de jun.)",
  "rescheduled": "Medicamento reagendado: Metformin para 8:00 PM",
  "rescheduled midnight": "Medicamento reagendado: Metformin para 12:00 AM",
  "rescheduled morning HH:MM": "Medicamento reagendado: Metformin para 8:05 AM",
  "rescheduled noon": "Medicamento reagendado: Metformin para 12:00 PM",
  "rescheduled out-of-range raw": "Medicamento reagendado: Metformin para 25:00:00",
  "rescheduled unparseable raw": "Medicamento reagendado: Metformin para evening",
  "task occurrence removed": "Tarefa removida: Buy milk (10 de jun.)",
}
`;

exports[`activity word order (pt) > KEY_RENDERERS 24h 1`] = `
{
  "prn logged": "Registrou uma dose: Tylenol às 14:30",
  "prn removed": "Removeu uma dose registrada: Tylenol (14:30)",
  "rescheduled": "Medicamento reagendado: Metformin para 20:00",
  "rescheduled midnight": "Medicamento reagendado: Metformin para 00:00",
  "rescheduled morning HH:MM": "Medicamento reagendado: Metformin para 08:05",
  "rescheduled noon": "Medicamento reagendado: Metformin para 12:00",
  "rescheduled out-of-range raw": "Medicamento reagendado: Metformin para 25:00:00",
  "rescheduled unparseable raw": "Medicamento reagendado: Metformin para evening",
}
`;

exports[`activity word order (pt) > SENTENCE_RULES 1`] = `
{
  "added notes": "Adicionou notas a Dr. Lee visit",
  "anchor: junk after discontinued": "Added notes to",
  "discontinued med": "Medicamento suspenso: Metformin 500mg",
  "gate: left text under task_added": "Mom left the circle",
  "gate: no action type": "Alicia Smith left the circle",
  "invited scrubbed": "Um membro foi convidado para o círculo",
  "joined scrubbed": "Um membro entrou no círculo",
  "left email": "alicia.smith@example.org saiu do círculo",
  "left named": "Alicia Smith saiu do círculo",
  "left named account deleted": "Alicia Smith saiu do círculo (conta excluída)",
  "left nameless": "Um membro saiu do círculo",
  "left nameless account deleted": "Um membro saiu do círculo (conta excluída)",
  "reactivated med": "Medicamento reativado: Metformin 500mg",
  "removed named": "Membro removido do círculo: Alicia Smith",
  "removed nameless": "Um membro foi removido do círculo",
  "rescheduled med legacy": "Medicamento reagendado: Metformin para 20:00",
  "rescheduled med legacy 1-digit hour": "Medicamento reagendado: Metformin para 8:05",
  "self-care circle": "Criou o círculo de autocuidado para Alicia Smith",
}
`;

exports[`activity word order (pt) > Today/Yesterday in the recipient frame (Tokyo) 1`] = `
{
  "not taken Jan 15": "Dose pulada: Aspirin (15 de jan.)",
  "not taken non-ISO date raw": "Dose pulada: Aspirin (June 10)",
  "not taken old": "Dose pulada: Aspirin (10 de jun.)",
  "not taken today": "Dose pulada: Aspirin (ontem)",
  "not taken yesterday": "Dose pulada: Aspirin (5 de out.)",
}
`;

exports[`activity word order (pt) > dated / regex forms 1`] = `
{
  "dated no match (not anchored)": "Not taken: Aspirin on June 10",
  "imported 0": "Consultas importadas do calendário: 0",
  "imported 1": "Consultas importadas do calendário: 1",
  "imported 2": "2 consultas importadas do calendário",
  "imported 25": "25 consultas importadas do calendário",
  "not taken (new) old date": "Dose pulada: Aspirin em 10 de jun.",
  "not taken (new) today": "Dose pulada: Aspirin hoje",
  "not taken (new) yesterday": "Dose pulada: Aspirin ontem",
  "not taken Jan 15": "Dose pulada: Aspirin em 15 de jan.",
  "skipped (legacy) Jan 15": "Dose pulada: Aspirin em 15 de jan.",
  "skipped (legacy) old date": "Dose pulada: Aspirin em 10 de jun.",
  "stopped recurrence": "Interrompeu a repetição de Aspirin a partir de 10 de jun.",
  "stopped recurrence Jan 15": "Interrompeu a repetição de Aspirin a partir de 15 de jan.",
  "stopped recurrence today": "Interrompeu a repetição de Aspirin a partir de hoje",
  "title with " on "": "Dose pulada: Visit on call em 10 de jun.",
}
`;

exports[`activity word order (pt) > legacy phrase substitution 1`] = `
{
  "added appt": "Consulta adicionada: Cardiology",
  "added med": "Medicamento adicionado: Aspirin",
  "added task": "Tarefa adicionada: Buy milk",
  "completed appt": "Consulta concluída: Cardiology",
  "completed med": "Medicamento concluído: Aspirin",
  "completed task": "Tarefa concluída: Buy milk",
  "confirmed missed": "Medicamento confirmado: Aspirin (não tomado)",
  "confirmed not taken": "Medicamento confirmado: Aspirin (pulado)",
  "confirmed overwrite": "Medicamento confirmado: Aspirin (pulado) (alterou a resposta de outro cuidador)",
  "confirmed skipped": "Medicamento confirmado: Aspirin (pulado)",
  "confirmed taken": "Medicamento confirmado: Aspirin (tomado)",
  "confirmed taken late": "Medicamento confirmado: Aspirin (tomado com atraso)",
  "created care circle": "Criou o círculo de cuidado para Alicia Smith",
  "deleted appt": "Consulta excluída: Cardiology",
  "deleted med": "Medicamento excluído: Aspirin",
  "deleted task": "Tarefa excluída: Buy milk",
  "emergency info": "Informações de emergência atualizadas",
  "empty": "",
  "invited care recipient": "Convidou alicia.smith@example.org para participar como pessoa cuidada",
  "invited caregiver": "Convidou alicia.smith@example.org para participar como cuidador",
  "joined as care recipient": "Alicia Smith entrou no círculo como pessoa cuidada",
  "joined as caregiver": "Alicia Smith entrou no círculo como cuidador",
  "joined as family member": "Alicia Smith entrou no círculo como cuidador",
  "no match passthrough": "Something the backend invented",
  "prn logged": "Registrou uma dose: Tylenol",
  "prn removed": "Removeu uma dose registrada: Tylenol",
  "updated appt": "Consulta atualizada: Cardiology",
  "updated med": "Medicamento atualizado: Aspirin",
  "updated task": "Tarefa atualizada: Buy milk",
}
`;

exports[`activity word order (pt) > null timezone fallback 1`] = `
{
  "joined caregiver": "STORED ENGLISH FALLBACK",
  "rescheduled": "STORED ENGLISH FALLBACK",
}
`;

exports[`activity word order (pt) > phrase dates (formatDateShort) and the stopped-recurrence concat site 1`] = `
[
  "Dose pulada: Aspirin em 15 de jan.",
  "Interrompeu a repetição de Aspirin a partir de 15 de jan.",
]
`;

exports[`activity word order (pt) > zone-labelled time, recipient zone differs (Tokyo) 1`] = `
{
  "prn logged": "Registrou uma dose: Tylenol às 2:30 PM (Tóquio)",
  "prn removed": "Removeu uma dose registrada: Tylenol (2:30 PM (Tóquio))",
  "rescheduled": "Medicamento reagendado: Metformin para 8:00 PM (Tóquio)",
  "rescheduled midnight": "Medicamento reagendado: Metformin para 12:00 AM (Tóquio)",
  "rescheduled morning HH:MM": "Medicamento reagendado: Metformin para 8:05 AM (Tóquio)",
  "rescheduled noon": "Medicamento reagendado: Metformin para 12:00 PM (Tóquio)",
  "rescheduled out-of-range raw": "Medicamento reagendado: Metformin para 25:00:00",
  "rescheduled unparseable raw": "Medicamento reagendado: Metformin para evening",
}
`;
