// Vitest Snapshot v1, https://vitest.dev/guide/snapshot.html

exports[`activity word order (it) > KEY_RENDERERS 12h 1`] = `
{
  "appt occurrence removed": "Appuntamento rimosso: Cardiology il 10 giu",
  "care note added": "Ha aggiunto una nota di cura giornaliera",
  "event note added": "Ha aggiunto una nota a Dr. Lee visit",
  "fallback blank name": "STORED ENGLISH FALLBACK",
  "fallback empty params": "STORED ENGLISH FALLBACK",
  "fallback null params": "STORED ENGLISH FALLBACK",
  "fallback numeric time": "STORED ENGLISH FALLBACK",
  "fallback prototype key": "STORED ENGLISH FALLBACK",
  "fallback unknown key": "STORED ENGLISH FALLBACK",
  "invited care recipient": "Ha invitato alicia.smith@example.org a entrare come persona assistita",
  "invited caregiver": "Ha invitato alicia.smith@example.org a entrare come caregiver",
  "joined care recipient": "Alicia Smith ora fa parte della cerchia come persona assistita",
  "joined care recipient unknown": "Qualcuno ora fa parte della cerchia come persona assistita",
  "joined caregiver": "Alicia Smith ora fa parte della cerchia come caregiver",
  "joined caregiver unknown": "Qualcuno ora fa parte della cerchia come caregiver",
  "med occurrence removed": "Dose rimossa: Aspirin il 10 giu",
  "not taken Jan 15": "Evento saltato: Aspirin il 15 gen",
  "not taken non-ISO date raw": "Evento saltato: Aspirin il June 10",
  "not taken old": "Evento saltato: Aspirin il 10 giu",
  "not taken today": "Evento saltato: Aspirin oggi",
  "not taken yesterday": "Evento saltato: Aspirin ieri",
  "prn logged": "Dose registrata: Tylenol alle 2:30 PM",
  "prn removed": "Dose registrata rimossa: Tylenol (2:30 PM)",
  "recurrence stopped": "Ripetizione interrotta per Aspirin dal 10 giu",
  "rescheduled": "Farmaco riprogrammato: Metformin alle 8:00 PM",
  "rescheduled midnight": "Farmaco riprogrammato: Metformin alle 12:00 AM",
  "rescheduled morning HH:MM": "Farmaco riprogrammato: Metformin alle 8:05 AM",
  "rescheduled noon": "Farmaco riprogrammato: Metformin alle 12:00 PM",
  "rescheduled out-of-range raw": "Farmaco riprogrammato: Metformin alle 25:00:00",
  "rescheduled unparseable raw": "Farmaco riprogrammato: Metformin alle evening",
  "task occurrence removed": "Incarico rimosso: Buy milk il 10 giu",
}
`;

exports[`activity word order (it) > KEY_RENDERERS 24h 1`] = `
{
  "prn logged": "Dose registrata: Tylenol alle 14:30",
  "prn removed": "Dose registrata rimossa: Tylenol (14:30)",
  "rescheduled": "Farmaco riprogrammato: Metformin alle 20:00",
  "rescheduled midnight": "Farmaco riprogrammato: Metformin alle 00:00",
  "rescheduled morning HH:MM": "Farmaco riprogrammato: Metformin alle 08:05",
  "rescheduled noon": "Farmaco riprogrammato: Metformin alle 12:00",
  "rescheduled out-of-range raw": "Farmaco riprogrammato: Metformin alle 25:00:00",
  "rescheduled unparseable raw": "Farmaco riprogrammato: Metformin alle evening",
}
`;

exports[`activity word order (it) > SENTENCE_RULES 1`] = `
{
  "added notes": "Ha aggiunto note a Dr. Lee visit",
  "anchor: junk after discontinued": "Added notes to",
  "discontinued med": "Farmaco interrotto: Metformin 500mg",
  "gate: left text under task_added": "Mom left the circle",
  "gate: no action type": "Alicia Smith left the circle",
  "invited scrubbed": "Un membro è stato invitato nella cerchia",
  "joined scrubbed": "Un membro ora fa parte della cerchia",
  "left email": "alicia.smith@example.org ha lasciato la cerchia",
  "left named": "Alicia Smith ha lasciato la cerchia",
  "left named account deleted": "Alicia Smith ha lasciato la cerchia (account eliminato)",
  "left nameless": "Un membro ha lasciato la cerchia",
  "left nameless account deleted": "Un membro ha lasciato la cerchia (account eliminato)",
  "reactivated med": "Farmaco riattivato: Metformin 500mg",
  "removed named": "Alicia Smith non fa più parte della cerchia",
  "removed nameless": "Un membro non fa più parte della cerchia",
  "rescheduled med legacy": "Farmaco riprogrammato: Metformin alle 20:00",
  "rescheduled med legacy 1-digit hour": "Farmaco riprogrammato: Metformin alle 8:05",
  "self-care circle": "Cerchia personale creata per Alicia Smith",
}
`;

exports[`activity word order (it) > Today/Yesterday in the recipient frame (Tokyo) 1`] = `
{
  "not taken Jan 15": "Evento saltato: Aspirin il 15 gen",
  "not taken non-ISO date raw": "Evento saltato: Aspirin il June 10",
  "not taken old": "Evento saltato: Aspirin il 10 giu",
  "not taken today": "Evento saltato: Aspirin ieri",
  "not taken yesterday": "Evento saltato: Aspirin il 5 ott",
}
`;

exports[`activity word order (it) > dated / regex forms 1`] = `
{
  "dated no match (not anchored)": "Not taken: Aspirin on June 10",
  "imported 0": "Ha importato 0 appuntamenti dal calendario",
  "imported 1": "Ha importato 1 appuntamento dal calendario",
  "imported 2": "Ha importato 2 appuntamenti dal calendario",
  "imported 25": "Ha importato 25 appuntamenti dal calendario",
  "not taken (new) old date": "Evento saltato: Aspirin il 10 giu",
  "not taken (new) today": "Evento saltato: Aspirin oggi",
  "not taken (new) yesterday": "Evento saltato: Aspirin ieri",
  "not taken Jan 15": "Evento saltato: Aspirin il 15 gen",
  "skipped (legacy) Jan 15": "Evento saltato: Aspirin il 15 gen",
  "skipped (legacy) old date": "Evento saltato: Aspirin il 10 giu",
  "stopped recurrence": "Ripetizione interrotta per Aspirin dal 10 giu",
  "stopped recurrence Jan 15": "Ripetizione interrotta per Aspirin dal 15 gen",
  "stopped recurrence today": "Ripetizione interrotta per Aspirin da oggi",
  "title with " on "": "Evento saltato: Visit on call il 10 giu",
}
`;

exports[`activity word order (it) > legacy phrase substitution 1`] = `
{
  "added appt": "Appuntamento aggiunto: Cardiology",
  "added med": "Farmaco aggiunto: Aspirin",
  "added task": "Incarico aggiunto: Buy milk",
  "completed appt": "Appuntamento completato: Cardiology",
  "completed med": "Farmaco completato: Aspirin",
  "completed task": "Incarico completato: Buy milk",
  "confirmed missed": "Farmaco confermato: Aspirin (dose non segnata)",
  "confirmed not taken": "Farmaco confermato: Aspirin (dose saltata)",
  "confirmed overwrite": "Farmaco confermato: Aspirin (dose saltata) (ha modificato la risposta di un altro caregiver)",
  "confirmed skipped": "Farmaco confermato: Aspirin (dose saltata)",
  "confirmed taken": "Farmaco confermato: Aspirin (dose presa)",
  "confirmed taken late": "Farmaco confermato: Aspirin (dose presa in ritardo)",
  "created care circle": "Cerchia di cura creata per Alicia Smith",
  "deleted appt": "Appuntamento eliminato: Cardiology",
  "deleted med": "Farmaco eliminato: Aspirin",
  "deleted task": "Incarico eliminato: Buy milk",
  "emergency info": "Ha aggiornato le informazioni di emergenza",
  "empty": "",
  "invited care recipient": "Ha invitato alicia.smith@example.org a entrare come persona assistita",
  "invited caregiver": "Ha invitato alicia.smith@example.org a entrare come caregiver",
  "joined as care recipient": "Alicia Smith ora fa parte della cerchia come persona assistita",
  "joined as caregiver": "Alicia Smith ora fa parte della cerchia come caregiver",
  "joined as family member": "Alicia Smith ora fa parte della cerchia come caregiver",
  "no match passthrough": "Something the backend invented",
  "prn logged": "Dose registrata: Tylenol",
  "prn removed": "Dose registrata rimossa: Tylenol",
  "updated appt": "Appuntamento aggiornato: Cardiology",
  "updated med": "Farmaco aggiornato: Aspirin",
  "updated task": "Incarico aggiornato: Buy milk",
}
`;

exports[`activity word order (it) > null timezone fallback 1`] = `
{
  "joined caregiver": "STORED ENGLISH FALLBACK",
  "rescheduled": "STORED ENGLISH FALLBACK",
}
`;

exports[`activity word order (it) > phrase dates (formatDateShort) and the stopped-recurrence concat site 1`] = `
[
  "Evento saltato: Aspirin il 15 gen",
  "Ripetizione interrotta per Aspirin dal 15 gen",
]
`;

exports[`activity word order (it) > zone-labelled time, recipient zone differs (Tokyo) 1`] = `
{
  "prn logged": "Dose registrata: Tylenol alle 2:30 PM (Tokyo)",
  "prn removed": "Dose registrata rimossa: Tylenol (2:30 PM (Tokyo))",
  "rescheduled": "Farmaco riprogrammato: Metformin alle 8:00 PM (Tokyo)",
  "rescheduled midnight": "Farmaco riprogrammato: Metformin alle 12:00 AM (Tokyo)",
  "rescheduled morning HH:MM": "Farmaco riprogrammato: Metformin alle 8:05 AM (Tokyo)",
  "rescheduled noon": "Farmaco riprogrammato: Metformin alle 12:00 PM (Tokyo)",
  "rescheduled out-of-range raw": "Farmaco riprogrammato: Metformin alle 25:00:00",
  "rescheduled unparseable raw": "Farmaco riprogrammato: Metformin alle evening",
}
`;
